stm32f4xx_hal_msp.c:71:6:HAL_MspInit	8	static
stm32f4xx_hal_msp.c:93:6:HAL_CRC_MspInit	8	static
stm32f4xx_hal_msp.c:115:6:HAL_CRC_MspDeInit	0	static
stm32f4xx_hal_msp.c:137:6:HAL_I2S_MspInit	56	static
stm32f4xx_hal_msp.c:228:6:HAL_I2S_MspDeInit	8	static
stm32f4xx_hal_msp.c:265:6:HAL_RNG_MspInit	8	static
stm32f4xx_hal_msp.c:287:6:HAL_RNG_MspDeInit	0	static
stm32f4xx_hal_msp.c:309:6:HAL_UART_MspInit	48	static
stm32f4xx_hal_msp.c:382:6:HAL_UART_MspDeInit	8	static
stm32f4xx_hal_msp.c:414:6:HAL_PCD_MspInit	48	static
stm32f4xx_hal_msp.c:458:6:HAL_PCD_MspDeInit	0	static
